../Core/Src/main.c:105:5:main	8	static
../Core/Src/main.c:164:6:SystemClock_Config	88	static
../Core/Src/main.c:206:13:MX_RTC_Init	8	static
../Core/Src/main.c:250:13:MX_TIM14_Init	8	static
../Core/Src/main.c:281:13:MX_TIM16_Init	8	static
../Core/Src/main.c:313:13:MX_USART1_UART_Init	8	static
../Core/Src/main.c:361:13:MX_USART2_UART_Init	8	static
../Core/Src/main.c:409:13:MX_GPIO_Init	48	static
../Core/Src/main.c:432:6:send2uart	24	static
../Core/Src/main.c:459:6:wait_for_tim16x	24	static,ignoring_inline_asm
../Core/Src/main.c:471:6:HAL_TIM_PeriodElapsedCallback	16	static
../Core/Src/main.c:490:6:Error_Handler	8	static,ignoring_inline_asm
