../Core/Src/main.c:107:5:main	8	static
../Core/Src/main.c:169:6:SystemClock_Config	88	static
../Core/Src/main.c:211:13:MX_RTC_Init	8	static
../Core/Src/main.c:255:13:MX_TIM14_Init	8	static
../Core/Src/main.c:286:13:MX_TIM16_Init	8	static
../Core/Src/main.c:318:13:MX_USART1_UART_Init	8	static
../Core/Src/main.c:366:13:MX_USART2_UART_Init	8	static
../Core/Src/main.c:414:13:MX_GPIO_Init	48	static
../Core/Src/main.c:437:6:send2uart	32	static
../Core/Src/main.c:468:6:nulling_array	24	static
../Core/Src/main.c:473:6:wait_for_tim14x	24	static,ignoring_inline_asm
../Core/Src/main.c:485:6:wait_for_tim16x	24	static,ignoring_inline_asm
../Core/Src/main.c:497:6:HAL_TIM_PeriodElapsedCallback	16	static
../Core/Src/main.c:516:6:Error_Handler	8	static,ignoring_inline_asm
